============================= test session starts =============================
platform win32 -- Python 3.11.9, pytest-9.0.2, pluggy-1.6.0 -- d:\RMS_Siprahub\backend\venv\Scripts\python.exe
cachedir: .pytest_cache
rootdir: D:\RMS_Siprahub\backend
plugins: anyio-4.12.1, asyncio-1.3.0
asyncio: mode=Mode.STRICT, debug=False, asyncio_default_fixture_loop_scope=None, asyncio_default_test_loop_scope=function
collecting ... collected 1 item

tests/test_health.py::test_health_check ERROR                            [100%]

=================================== ERRORS ====================================
_____________________ ERROR at setup of test_health_check _____________________

self = <Coroutine test_health_check>

    def setup(self) -> None:
        runner_fixture_id = f"_{self._loop_scope}_scoped_runner"
        if runner_fixture_id not in self.fixturenames:
            self.fixturenames.append(runner_fixture_id)
>       return super().setup()
               ^^^^^^^^^^^^^^^

venv\Lib\site-packages\pytest_asyncio\plugin.py:458: 
_ _ _ _ _ _ _ _ _ _ _ _ _ _ _ _ _ _ _ _ _ _ _ _ _ _ _ _ _ _ _ _ _ _ _ _ _ _ _ _

fixturedef = <FixtureDef argname='client' scope='function' baseid='tests'>
request = <SubRequest 'client' for <Coroutine test_health_check>>

    @pytest.hookimpl(wrapper=True)
    def pytest_fixture_setup(fixturedef: FixtureDef, request) -> object | None:
        asyncio_mode = _get_asyncio_mode(request.config)
        if not _is_asyncio_fixture_function(fixturedef.func):
            if asyncio_mode == Mode.STRICT:
                # Ignore async fixtures without explicit asyncio mark in strict mode
                # This applies to pytest_trio fixtures, for example
>               return (yield)
                        ^^^^^
E               pytest.PytestRemovedIn9Warning: 'test_health_check' requested an async fixture 'client', with no plugin or hook that handled it. This is usually an error, as pytest does not natively support it. This will turn into an error in pytest 9.
E               See: https://docs.pytest.org/en/stable/deprecations.html#sync-test-depending-on-async-fixture

venv\Lib\site-packages\pytest_asyncio\plugin.py:728: PytestRemovedIn9Warning
============================== warnings summary ===============================
venv\Lib\site-packages\pydantic\_internal\_config.py:323
  d:\RMS_Siprahub\backend\venv\Lib\site-packages\pydantic\_internal\_config.py:323: PydanticDeprecatedSince20: Support for class-based `config` is deprecated, use ConfigDict instead. Deprecated in Pydantic V2.0 to be removed in V3.0. See Pydantic V2 Migration Guide at https://errors.pydantic.dev/2.11/migration/
    warnings.warn(DEPRECATION_MESSAGE, DeprecationWarning)

-- Docs: https://docs.pytest.org/en/stable/how-to/capture-warnings.html
=========================== short test summary info ===========================
ERROR tests/test_health.py::test_health_check - pytest.PytestRemovedIn9Warnin...
========================= 1 warning, 1 error in 0.23s =========================
